// Jest Snapshot v1, https://goo.gl/fbAQLP

exports[`renders card unchanged 1`] = `
<div>
  <div
    class="bg-dark-500 rounded-sm border border-dark-300 px-6 py-4 text-light-100 undefined"
    data-testid="card-element"
  />
</div>
`;
